C51 COMPILER V9.54   EEPROM                                                                02/03/2023 23:29:02 PAGE 1   


C51 COMPILER V9.54, COMPILATION OF MODULE EEPROM
OBJECT MODULE PLACED IN .\Objects\EEPROM.obj
COMPILER INVOKED BY: E:\Embedded System\51\Keil5\C51\BIN\C51.EXE EEPROM.c OPTIMIZE(9,SIZE) BROWSE DEBUG OBJECTEXTEND PRI
                    -NT(.\Listings\EEPROM.lst) TABS(2) OBJECT(.\Objects\EEPROM.obj)

line level    source

   1          #include <reg51.h>
   2          #include <intrins.h>
   3          #include <EEPROM.h>
   4          
   5          /*
   6          512B*10
   7          1:2000-21FF
   8          2:2200-23FF
   9          3:2400-25FF
  10          4:2600-27FF
  11          5:2800-29FF   用于积分
  12          6:2A00-2BFF
  13          7:2C00-2DFF   用于狗狗饿
  14          8:2E00-2FFF   用于狗狗love
  15          9:3000-31FF     Speical Gift
  16          10:3200-33FF
  17          
  18          */
  19          
  20          void IAP_Idle()
  21          {
  22   1        IAP_CONTR = 0;
  23   1        IAP_CMD = 0;
  24   1        IAP_TRIG = 0;
  25   1        IAP_ADDRH = 0x80;
  26   1        IAP_ADDRL = 0;
  27   1      }
  28          
  29          void IAP_TrigUnit()
  30          {
  31   1        IAP_TRIG = 0x46;
  32   1        IAP_TRIG = 0xB9;
  33   1      }
  34          
  35          unsigned char IAP_ReadByte(unsigned int addr)
  36          {
  37   1        unsigned char dat;
  38   1        IAP_CONTR = ENABLE_IAP;
  39   1        IAP_CMD = CMD_READ;
  40   1        IAP_ADDRL = addr;
  41   1        IAP_ADDRH = addr >> 8;
  42   1        IAP_TrigUnit();
  43   1        _nop_();
  44   1        dat = IAP_DATA;
  45   1        IAP_Idle();
  46   1        
  47   1        return dat;
  48   1      }
  49          
  50          void IAP_ProgramByte(unsigned int addr,unsigned char dat) //考虑是否需要关中断
  51          {
  52   1        //EA = 0;
  53   1        IAP_CONTR = ENABLE_IAP;
  54   1        IAP_CMD = CMD_PROGRAM;
C51 COMPILER V9.54   EEPROM                                                                02/03/2023 23:29:02 PAGE 2   

  55   1        IAP_ADDRL = addr;
  56   1        IAP_ADDRH = addr >> 8;
  57   1        IAP_DATA = dat;
  58   1        IAP_TrigUnit();
  59   1        _nop_();
  60   1        IAP_Idle();
  61   1        //EA = 1;
  62   1      }
  63          
  64          void IAP_EraseSector(unsigned int addr) //注意写入前理应要擦除，且擦除按扇区，若有部分需要保存则需要先拷入
             -ram中
  65          {
  66   1        //EA = 0;
  67   1        IAP_CONTR = ENABLE_IAP;
  68   1        IAP_CMD = CMD_ERASE;
  69   1        IAP_ADDRL = addr;
  70   1        IAP_ADDRH = addr >> 8;
  71   1        IAP_TrigUnit();
  72   1        _nop_();
  73   1        IAP_Idle();
  74   1        //EA = 1;
  75   1      }
  76          


MODULE INFORMATION:   STATIC OVERLAYABLE
   CODE SIZE        =     76    ----
   CONSTANT SIZE    =   ----    ----
   XDATA SIZE       =   ----    ----
   PDATA SIZE       =   ----    ----
   DATA SIZE        =   ----    ----
   IDATA SIZE       =   ----    ----
   BIT SIZE         =   ----    ----
END OF MODULE INFORMATION.


C51 COMPILATION COMPLETE.  0 WARNING(S),  0 ERROR(S)
